******************************************************************************
                  TI ARM Linker PC v18.12.1                    
******************************************************************************
>> Linked Tue Jun  1 12:39:15 2021

OUTPUT FILE NAME:   <EL507-LAB011.out>
ENTRY POINT SYMBOL: "_c_int00_noargs"  address: 00001085


MEMORY CONFIGURATION

         name            origin    length      used     unused   attr    fill
----------------------  --------  ---------  --------  --------  ----  --------
  FLASH                 00000000   00040000  0000111c  0003eee4  R  X
  SRAM                  20000000   00008000  00001010  00006ff0  RW X


SEGMENT ALLOCATION MAP

run origin  load origin   length   init length attrs members
----------  ----------- ---------- ----------- ----- -------
00000000    00000000    00001120   00001120    r-x
  00000000    00000000    0000026c   0000026c    r-- .intvecs
  0000026c    0000026c    00000e80   00000e80    r-x .text
  000010f0    000010f0    00000030   00000030    r-- .cinit
20000000    20000000    00001010   00000000    rw-
  20000000    20000000    00001000   00000000    rw- .stack
  20001000    20001000    0000000c   00000000    rw- .data
  2000100c    2000100c    00000004   00000000    rw- .bss


SECTION ALLOCATION MAP

 output                                  attributes/
section   page    origin      length       input sections
--------  ----  ----------  ----------   ----------------
.intvecs   0    00000000    0000026c     
                  00000000    0000026c     tm4c123gh6pm_startup_ccs.obj (.intvecs)

.text      0    0000026c    00000e80     
                  0000026c    000003e8     mcp7940m.obj (.text)
                  00000654    00000232     lcd.obj (.text)
                  00000886    00000002     --HOLE-- [fill = 0]
                  00000888    00000184     motor.obj (.text)
                  00000a0c    0000012c     i2c.obj (.text)
                  00000b38    00000100     main.obj (.text)
                  00000c38    000000d8     hb.obj (.text)
                  00000d10    000000c0     mosc.obj (.text)
                  00000dd0    0000009c     rtsv7M4_T_le_v4SPD16_eabi.lib : memcpy_t2.asm.obj (.text)
                  00000e6c    00000090     systick.obj (.text)
                  00000efc    0000008c     pcf8574a.obj (.text)
                  00000f88    00000068     rtsv7M4_T_le_v4SPD16_eabi.lib : copy_decompress_lzss.c.obj (.text:decompress:lzss:__TI_decompress_lzss)
                  00000ff0    00000050     led.obj (.text)
                  00001040    00000044     rtsv7M4_T_le_v4SPD16_eabi.lib : autoinit.c.obj (.text:__TI_auto_init_nobinit_nopinit:__TI_auto_init_nobinit_nopinit)
                  00001084    00000034                                   : boot_cortex_m.c.obj (.text:_c_int00_noargs:_c_int00_noargs)
                  000010b8    00000012                                   : copy_zero_init.c.obj (.text:decompress:ZI:__TI_zero_init_nomemset:__TI_zero_init_nomemset)
                  000010ca    0000000e                                   : copy_decompress_none.c.obj (.text:decompress:none:__TI_decompress_none)
                  000010d8    0000000c     tm4c123gh6pm_startup_ccs.obj (.text)
                  000010e4    00000004     rtsv7M4_T_le_v4SPD16_eabi.lib : pre_init.c.obj (.text:_system_pre_init)
                  000010e8    00000004                                   : exit.c.obj (.text:abort:abort)

.cinit     0    000010f0    00000030     
                  000010f0    0000000c     (__TI_handler_table)
                  000010fc    0000000a     (.cinit..data.load) [load image, compression = lzss]
                  00001106    00000002     --HOLE-- [fill = 0]
                  00001108    00000008     (.cinit..bss.load) [load image, compression = zero_init]
                  00001110    00000010     (__TI_cinit_table)

.init_array 
*          0    00000000    00000000     UNINITIALIZED

.data      0    20001000    0000000c     UNINITIALIZED
                  20001000    00000008     mcp7940m.obj (.data)
                  20001008    00000004     hb.obj (.data)

.bss       0    2000100c    00000004     UNINITIALIZED
                  2000100c    00000004     (.common:g_uiSYSFLAGS)

.stack     0    20000000    00001000     UNINITIALIZED
                  20000000    00000004     rtsv7M4_T_le_v4SPD16_eabi.lib : boot_cortex_m.c.obj (.stack)
                  20000004    00000ffc     --HOLE--

MODULE SUMMARY

       Module                         code   ro data   rw data
       ------                         ----   -------   -------
    .\
       mcp7940m.obj                   1000   0         8      
       tm4c123gh6pm_startup_ccs.obj   12     620       0      
       lcd.obj                        562    0         0      
       motor.obj                      388    0         0      
       i2c.obj                        300    0         0      
       main.obj                       256    0         4      
       hb.obj                         216    0         4      
       mosc.obj                       192    0         0      
       systick.obj                    144    0         0      
       pcf8574a.obj                   140    0         0      
       led.obj                        80     0         0      
    +--+------------------------------+------+---------+---------+
       Total:                         3290   620       16     
                                                              
    C:\ti\ccs901\ccs\tools\compiler\ti-cgt-arm_18.12.1.LTS\lib\rtsv7M4_T_le_v4SPD16_eabi.lib
       memcpy_t2.asm.obj              156    0         0      
       copy_decompress_lzss.c.obj     104    0         0      
       autoinit.c.obj                 68     0         0      
       boot_cortex_m.c.obj            52     0         0      
       copy_zero_init.c.obj           18     0         0      
       copy_decompress_none.c.obj     14     0         0      
       exit.c.obj                     4      0         0      
       pre_init.c.obj                 4      0         0      
    +--+------------------------------+------+---------+---------+
       Total:                         420    0         0      
                                                              
       Stack:                         0      0         4096   
       Linker Generated:              0      46        0      
    +--+------------------------------+------+---------+---------+
       Grand Total:                   3710   666       4112   


LINKER GENERATED COPY TABLES

__TI_cinit_table @ 00001110 records: 2, size/record: 8, table size: 16
	.data: load addr=000010fc, load size=0000000a bytes, run addr=20001000, run size=0000000c bytes, compression=lzss
	.bss: load addr=00001108, load size=00000008 bytes, run addr=2000100c, run size=00000004 bytes, compression=zero_init


LINKER GENERATED HANDLER TABLE

__TI_handler_table @ 000010f0 records: 3, size/record: 4, table size: 12
	index: 0, handler: __TI_decompress_lzss
	index: 1, handler: __TI_decompress_none
	index: 2, handler: __TI_zero_init


GLOBAL SYMBOLS: SORTED ALPHABETICALLY BY Name 

address   name                          
-------   ----                          
000010e9  C$$EXIT                       
00000c39  HB_Sequencer                  
00000a0d  I2C0_IntHandler               
00000a43  I2C_Init                      
00000ae5  I2C_IsBusReady                
00000ac5  I2C_IsControllerReady         
00000ab9  I2C_WaitForBusReady           
00000aad  I2C_WaitForControllerReady    
00000b39  Initialize                    
00000773  LCD_DRRead                    
0000074f  LCD_DRWrite                   
0000072b  LCD_IRRead                    
00000707  LCD_IRWrite                   
000007b3  LCD_Init                      
000006ad  LCD_ReadNibble                
0000086d  LCD_SendMessage               
0000079b  LCD_WaitForReady              
00000655  LCD_WriteNibble               
00001011  LED_Control                   
00000ff1  LED_Init                      
0000026d  MCP7940M_Init                 
0000059b  MCP7940M_Read                 
000002f1  MCP7940M_Sequencer            
000005c1  MCP7940M_Write                
00000d11  MOSC_Init                     
00000889  MOTOR_Init                    
0000090d  MOTOR_SetDutyCycle            
00000efd  PCF8574A_Init                 
00000f0f  PCF8574A_Read                 
00000f45  PCF8574A_Write                
000010d9  ResetISR                      
00000eb1  SYSTICK_Delay                 
00000e8b  SYSTICK_Init                  
00000e6d  SYSTICK_IntHandler            
20001000  __STACK_END                   
00001000  __STACK_SIZE                  
20000200  __STACK_TOP                   
00001110  __TI_CINIT_Base               
00001120  __TI_CINIT_Limit              
000010f0  __TI_Handler_Table_Base       
000010fc  __TI_Handler_Table_Limit      
00001041  __TI_auto_init_nobinit_nopinit
00000f89  __TI_decompress_lzss          
000010cb  __TI_decompress_none          
ffffffff  __TI_pprof_out_hndl           
ffffffff  __TI_prof_data_size           
ffffffff  __TI_prof_data_start          
00000000  __TI_static_base__            
000010b9  __TI_zero_init_nomemset       
00000dd1  __aeabi_memcpy                
00000dd1  __aeabi_memcpy4               
00000dd1  __aeabi_memcpy8               
ffffffff  __binit__                     
ffffffff  __c_args__                    
UNDEFED   __mpu_init                    
20000000  __stack                       
00001085  _c_int00_noargs               
UNDEFED   _system_post_cinit            
000010e5  _system_pre_init              
000010e9  abort                         
ffffffff  binit                         
00000000  g_pfnVectors                  
2000100c  g_uiSYSFLAGS                  
00000b69  main                          
00000dd1  memcpy                        


GLOBAL SYMBOLS: SORTED BY Symbol Address 

address   name                          
-------   ----                          
00000000  __TI_static_base__            
00000000  g_pfnVectors                  
0000026d  MCP7940M_Init                 
000002f1  MCP7940M_Sequencer            
0000059b  MCP7940M_Read                 
000005c1  MCP7940M_Write                
00000655  LCD_WriteNibble               
000006ad  LCD_ReadNibble                
00000707  LCD_IRWrite                   
0000072b  LCD_IRRead                    
0000074f  LCD_DRWrite                   
00000773  LCD_DRRead                    
0000079b  LCD_WaitForReady              
000007b3  LCD_Init                      
0000086d  LCD_SendMessage               
00000889  MOTOR_Init                    
0000090d  MOTOR_SetDutyCycle            
00000a0d  I2C0_IntHandler               
00000a43  I2C_Init                      
00000aad  I2C_WaitForControllerReady    
00000ab9  I2C_WaitForBusReady           
00000ac5  I2C_IsControllerReady         
00000ae5  I2C_IsBusReady                
00000b39  Initialize                    
00000b69  main                          
00000c39  HB_Sequencer                  
00000d11  MOSC_Init                     
00000dd1  __aeabi_memcpy                
00000dd1  __aeabi_memcpy4               
00000dd1  __aeabi_memcpy8               
00000dd1  memcpy                        
00000e6d  SYSTICK_IntHandler            
00000e8b  SYSTICK_Init                  
00000eb1  SYSTICK_Delay                 
00000efd  PCF8574A_Init                 
00000f0f  PCF8574A_Read                 
00000f45  PCF8574A_Write                
00000f89  __TI_decompress_lzss          
00000ff1  LED_Init                      
00001000  __STACK_SIZE                  
00001011  LED_Control                   
00001041  __TI_auto_init_nobinit_nopinit
00001085  _c_int00_noargs               
000010b9  __TI_zero_init_nomemset       
000010cb  __TI_decompress_none          
000010d9  ResetISR                      
000010e5  _system_pre_init              
000010e9  C$$EXIT                       
000010e9  abort                         
000010f0  __TI_Handler_Table_Base       
000010fc  __TI_Handler_Table_Limit      
00001110  __TI_CINIT_Base               
00001120  __TI_CINIT_Limit              
20000000  __stack                       
20000200  __STACK_TOP                   
20001000  __STACK_END                   
2000100c  g_uiSYSFLAGS                  
ffffffff  __TI_pprof_out_hndl           
ffffffff  __TI_prof_data_size           
ffffffff  __TI_prof_data_start          
ffffffff  __binit__                     
ffffffff  __c_args__                    
ffffffff  binit                         
UNDEFED   __mpu_init                    
UNDEFED   _system_post_cinit            

[65 symbols]
